Copyright 1986-2023 Xilinx, Inc. All Rights Reserved.
------------------------------------------------------------------------------------
| Tool Version : Vivado v.2023.2 (win64) Build 4029153
| Date         : Thu Aug 14 09:12:44 2026
| Host         : example running 64-bit
| Command      : report_utilization -file exact_et_synth.rpt
| Design       : et_attention_top
| Device       : xc7z020clg400-1
------------------------------------------------------------------------------------

Utilization Design Information

Table of Contents
-----------------
1. Slice Logic
2. Memory
3. DSP
4. Clocking

1. Slice Logic
--------------

+----------------------------+-------+-------+------------+-----------+-------+
|          Site Type         |  Used | Fixed | Prohibited | Available | Util% |
+----------------------------+-------+-------+------------+-----------+-------+
| Slice LUTs                 | 15600 |     0 |          0 |     53200 | 29.32 |
|   LUT as Logic             | 14980 |     0 |          0 |     53200 | 28.16 |
|   LUT as Memory            |   620 |     0 |          0 |     17400 |  3.56 |
| Slice Registers            |  8900 |     0 |          0 |    106400 |  8.36 |
|   Register as Flip Flop    |  8900 |     0 |          0 |    106400 |  8.36 |
+----------------------------+-------+-------+------------+-----------+-------+

2. Memory
---------

+-------------------+------+-------+------------+-----------+-------+
|     Site Type     | Used | Fixed | Prohibited | Available | Util% |
+-------------------+------+-------+------------+-----------+-------+
| Block RAM Tile    |   16 |     0 |          0 |       140 | 11.43 |
|   RAMB36/FIFO     |   16 |     0 |          0 |       140 | 11.43 |
+-------------------+------+-------+------------+-----------+-------+

3. DSP
------

+-----------+------+-------+------------+-----------+-------+
| Site Type | Used | Fixed | Prohibited | Available | Util% |
+-----------+------+-------+------------+-----------+-------+
| DSPs      |    0 |     0 |          0 |       220 |  0.00 |
+-----------+------+-------+------------+-----------+-------+


Timing Summary
--------------

| WNS (ns)  |  TNS (ns) | TNS Failing Endpoints |
|-----------|-----------|-----------------------|
|     0.340 |     0.000 |                     0 |

Clock Summary
-------------

| Clock | Waveform(ns)  | Period (ns) | Frequency(MHz) |
|-------|---------------|-------------|----------------|
| clk   | {0.000 3.000} |       6.000 |        166.667 |


Power
-----

+--------------------------+--------+
| On-Chip Power            |        |
+--------------------------+--------+
| Dynamic (W)              |  0.168 |
| Device Static (W)        |  0.105 |
+--------------------------+--------+
